exports[`ApiCallExample sagas get data dispatches GET_DATA_FAILURE action properly 1`] = `
Object {
  "done": true,
  "value": undefined,
}
`;

exports[`ApiCallExample sagas get data dispatches GET_DATA_SUCCESS action properly 1`] = `
Object {
  "done": false,
  "value": Object {
    "@@redux-saga/IO": true,
    "PUT": Object {
      "action": Object {
        "payload": Object {
          "data": Object {
            "data": Array [
              1,
              2,
              3,
            ],
          },
        },
        "type": "GET_DATA_SUCCESS",
      },
      "channel": null,
    },
  },
}
`;
